../Drivers/CMSIS/Include/core_cm4.h:1933:34:__NVIC_SystemReset	4	static,ignoring_inline_asm
../Core/Src/stm32l4xx_it.c:71:6:NMI_Handler	4	static
../Core/Src/stm32l4xx_it.c:86:6:HardFault_Handler	8	static
../Core/Src/stm32l4xx_it.c:104:6:MemManage_Handler	4	static
../Core/Src/stm32l4xx_it.c:119:6:BusFault_Handler	4	static
../Core/Src/stm32l4xx_it.c:134:6:UsageFault_Handler	4	static
../Core/Src/stm32l4xx_it.c:149:6:DebugMon_Handler	4	static
../Core/Src/stm32l4xx_it.c:169:6:TIM6_DAC_IRQHandler	8	static
